{"timestamp":"2025-11-22T14:17:13.331254Z","level":"info","event":"DAG bundles loaded: dags-folder","logger":"airflow.dag_processing.bundles.manager.DagBundlesManager","filename":"manager.py","lineno":179}
{"timestamp":"2025-11-22T14:17:13.333424Z","level":"info","event":"Filling up the DagBag from /opt/airflow/dags/job_scrapping_DAG.py","logger":"airflow.models.dagbag.DagBag","filename":"dagbag.py","lineno":593}
{"timestamp":"2025-11-22T14:17:14.291789Z","level":"warning","event":"The `airflow.operators.python.PythonOperator` attribute is deprecated. Please use `'airflow.providers.standard.operators.python.PythonOperator'`.","category":"DeprecatedImportWarning","filename":"/opt/airflow/dags/job_scrapping_DAG.py","lineno":2,"logger":"py.warnings"}
{"timestamp":"2025-11-22T14:17:14.292009Z","level":"warning","event":"The `airflow.operators.email.EmailOperator` attribute is deprecated. Please use `'airflow.providers.smtp.operators.smtp.EmailOperator'`.","category":"DeprecatedImportWarning","filename":"/opt/airflow/dags/job_scrapping_DAG.py","lineno":3,"logger":"py.warnings"}
{"timestamp":"2025-11-22T14:17:14.292121Z","level":"warning","event":"The `airflow.utils.trigger_rule.TriggerRule` attribute is deprecated. Please use `'airflow.task.trigger_rule.TriggerRule'`.","category":"DeprecatedImportWarning","filename":"/opt/airflow/dags/job_scrapping_DAG.py","lineno":4,"logger":"py.warnings"}
{"timestamp":"2025-11-22T14:17:15.193009Z","level":"info","event":"stud.serv.: 0 jobs","logger":"task.stdout"}
{"timestamp":"2025-11-22T14:17:15.341518Z","level":"info","event":"zrszz     : 0 jobs","logger":"task.stdout"}
{"timestamp":"2025-11-22T14:17:16.567166Z","level":"info","event":"Optius    : 0 jobs","logger":"task.stdout"}
{"timestamp":"2025-11-22T14:17:17.387155Z","level":"info","event":"mojedelo  : 1 jobs","logger":"task.stdout"}
{"timestamp":"2025-11-22T14:17:18.134235Z","level":"info","event":"C#/.NET ra pushed to DB","logger":"task.stdout"}
{"timestamp":"2025-11-22T14:17:18.138865Z","level":"info","event":"====== WebDriver manager ======","logger":"WDM","filename":"logger.py","lineno":11}
{"timestamp":"2025-11-22T14:17:18.775160Z","level":"info","event":"Get LATEST chromedriver version for chromium","logger":"WDM","filename":"logger.py","lineno":11}
{"timestamp":"2025-11-22T14:17:18.966067Z","level":"info","event":"Get LATEST chromedriver version for chromium","logger":"WDM","filename":"logger.py","lineno":11}
{"timestamp":"2025-11-22T14:17:19.130814Z","level":"info","event":"There is no [linux64] chromedriver \"142.0.7444.175\" for browser chromium \"142.0.7444\" in cache","logger":"WDM","filename":"logger.py","lineno":11}
{"timestamp":"2025-11-22T14:17:19.131073Z","level":"info","event":"Get LATEST chromedriver version for chromium","logger":"WDM","filename":"logger.py","lineno":11}
{"timestamp":"2025-11-22T14:17:19.546037Z","level":"info","event":"WebDriver version 142.0.7444.175 selected","logger":"WDM","filename":"logger.py","lineno":11}
{"timestamp":"2025-11-22T14:17:19.556921Z","level":"info","event":"Modern chrome version https://storage.googleapis.com/chrome-for-testing-public/142.0.7444.175/linux64/chromedriver-linux64.zip","logger":"WDM","filename":"logger.py","lineno":11}
{"timestamp":"2025-11-22T14:17:19.557205Z","level":"info","event":"About to download new driver from https://storage.googleapis.com/chrome-for-testing-public/142.0.7444.175/linux64/chromedriver-linux64.zip","logger":"WDM","filename":"logger.py","lineno":11}
{"timestamp":"2025-11-22T14:17:19.745454Z","level":"info","event":"Driver downloading response is 200","logger":"WDM","filename":"logger.py","lineno":11}
{"timestamp":"2025-11-22T14:17:23.204317Z","level":"info","event":"Get LATEST chromedriver version for chromium","logger":"WDM","filename":"logger.py","lineno":11}
{"timestamp":"2025-11-22T14:17:23.738311Z","level":"info","event":"Driver has been saved in cache [/home/airflow/.wdm/drivers/chromedriver/linux64/142.0.7444.175]","logger":"WDM","filename":"logger.py","lineno":11}
{"timestamp":"2025-11-22T14:17:27.278370Z","level":"info","event":"Careerjet : 0 jobs","logger":"task.stdout"}
{"timestamp":"2025-11-22T14:17:27.536955Z","level":"info","event":"Done. Returned value was: {'jobs': []}","logger":"airflow.task.operators.airflow.providers.standard.operators.python.PythonOperator","filename":"python.py","lineno":215}
{"timestamp":"2025-11-22T14:17:27.537347Z","level":"info","event":"Pushing xcom","ti":"RuntimeTaskInstance(id=UUID('019aabed-0438-7475-8e0a-0b5f9f3f3deb'), task_id='webscrapping.py', dag_id='Job_Scrapping', run_id='manual__2025-11-22T14:17:08.360577+00:00', try_number=1, dag_version_id=UUID('019aabec-d221-7783-befb-1e652993fe62'), map_index=-1, hostname='4fb4a67b81c3', context_carrier={}, task=<Task(PythonOperator): webscrapping.py>, bundle_instance=LocalDagBundle(name=dags-folder), max_tries=1, start_date=datetime.datetime(2025, 11, 22, 14, 17, 9, 545973, tzinfo=datetime.timezone.utc), end_date=None, state=<TaskInstanceState.RUNNING: 'running'>, is_mapped=False, rendered_map_index=None)","logger":"task","filename":"task_runner.py","lineno":1360}
