{"timestamp":"2025-11-27T14:51:56.151427Z","level":"info","event":"DAG bundles loaded: dags-folder","logger":"airflow.dag_processing.bundles.manager.DagBundlesManager","filename":"manager.py","lineno":179}
{"timestamp":"2025-11-27T14:51:56.153306Z","level":"info","event":"Filling up the DagBag from /opt/airflow/dags/job_scrapping_DAG.py","logger":"airflow.models.dagbag.DagBag","filename":"dagbag.py","lineno":593}
{"timestamp":"2025-11-27T14:51:56.946150Z","level":"warning","event":"The `airflow.operators.python.PythonOperator` attribute is deprecated. Please use `'airflow.providers.standard.operators.python.PythonOperator'`.","category":"DeprecatedImportWarning","filename":"/opt/airflow/dags/job_scrapping_DAG.py","lineno":2,"logger":"py.warnings"}
{"timestamp":"2025-11-27T14:51:56.946348Z","level":"warning","event":"The `airflow.operators.email.EmailOperator` attribute is deprecated. Please use `'airflow.providers.smtp.operators.smtp.EmailOperator'`.","category":"DeprecatedImportWarning","filename":"/opt/airflow/dags/job_scrapping_DAG.py","lineno":3,"logger":"py.warnings"}
{"timestamp":"2025-11-27T14:51:56.946449Z","level":"warning","event":"The `airflow.utils.trigger_rule.TriggerRule` attribute is deprecated. Please use `'airflow.task.trigger_rule.TriggerRule'`.","category":"DeprecatedImportWarning","filename":"/opt/airflow/dags/job_scrapping_DAG.py","lineno":4,"logger":"py.warnings"}
{"timestamp":"2025-11-27T14:51:57.973973Z","level":"info","event":"stud.serv.: 1 jobs","logger":"task.stdout"}
{"timestamp":"2025-11-27T14:51:58.786930Z","level":"info","event":"Programira pushed to DB","logger":"task.stdout"}
{"timestamp":"2025-11-27T14:51:58.910903Z","level":"info","event":"zrszz     : 1 jobs","logger":"task.stdout"}
{"timestamp":"2025-11-27T14:51:59.216390Z","level":"info","event":"Sistemski  pushed to DB","logger":"task.stdout"}
{"timestamp":"2025-11-27T14:52:01.399954Z","level":"info","event":"UNIMOTION  pushed to DB","logger":"task.stdout"}
{"timestamp":"2025-11-27T14:52:02.310329Z","level":"info","event":"/ pushed to DB","logger":"task.stdout"}
{"timestamp":"2025-11-27T14:52:03.208134Z","level":"info","event":"Pek Automo pushed to DB","logger":"task.stdout"}
{"timestamp":"2025-11-27T14:52:04.300316Z","level":"info","event":"Iskra, d.o pushed to DB","logger":"task.stdout"}
{"timestamp":"2025-11-27T14:52:05.453242Z","level":"info","event":"/ pushed to DB","logger":"task.stdout"}
{"timestamp":"2025-11-27T14:52:05.861203Z","level":"info","event":"mojedelo  : 3 jobs","logger":"task.stdout"}
{"timestamp":"2025-11-27T14:52:06.186894Z","level":"info","event":"Sistemski  pushed to DB","logger":"task.stdout"}
{"timestamp":"2025-11-27T14:52:06.458889Z","level":"info","event":"Strokovni  pushed to DB","logger":"task.stdout"}
{"timestamp":"2025-11-27T14:52:06.740478Z","level":"info","event":"Inženir za pushed to DB","logger":"task.stdout"}
{"timestamp":"2025-11-27T14:52:06.745025Z","level":"info","event":"====== WebDriver manager ======","logger":"WDM","filename":"logger.py","lineno":11}
{"timestamp":"2025-11-27T14:52:07.310407Z","level":"info","event":"Get LATEST chromedriver version for chromium","logger":"WDM","filename":"logger.py","lineno":11}
{"timestamp":"2025-11-27T14:52:07.645866Z","level":"info","event":"Get LATEST chromedriver version for chromium","logger":"WDM","filename":"logger.py","lineno":11}
{"timestamp":"2025-11-27T14:52:07.779898Z","level":"info","event":"There is no [linux64] chromedriver \"142.0.7444.175\" for browser chromium \"142.0.7444\" in cache","logger":"WDM","filename":"logger.py","lineno":11}
{"timestamp":"2025-11-27T14:52:07.780201Z","level":"info","event":"Get LATEST chromedriver version for chromium","logger":"WDM","filename":"logger.py","lineno":11}
{"timestamp":"2025-11-27T14:52:08.096669Z","level":"info","event":"WebDriver version 142.0.7444.175 selected","logger":"WDM","filename":"logger.py","lineno":11}
{"timestamp":"2025-11-27T14:52:08.109417Z","level":"info","event":"Modern chrome version https://storage.googleapis.com/chrome-for-testing-public/142.0.7444.175/linux64/chromedriver-linux64.zip","logger":"WDM","filename":"logger.py","lineno":11}
{"timestamp":"2025-11-27T14:52:08.109697Z","level":"info","event":"About to download new driver from https://storage.googleapis.com/chrome-for-testing-public/142.0.7444.175/linux64/chromedriver-linux64.zip","logger":"WDM","filename":"logger.py","lineno":11}
{"timestamp":"2025-11-27T14:52:08.268698Z","level":"info","event":"Driver downloading response is 200","logger":"WDM","filename":"logger.py","lineno":11}
{"timestamp":"2025-11-27T14:52:10.467559Z","level":"info","event":"Get LATEST chromedriver version for chromium","logger":"WDM","filename":"logger.py","lineno":11}
{"timestamp":"2025-11-27T14:52:10.881642Z","level":"info","event":"Driver has been saved in cache [/home/airflow/.wdm/drivers/chromedriver/linux64/142.0.7444.175]","logger":"WDM","filename":"logger.py","lineno":11}
{"timestamp":"2025-11-27T14:52:13.511179Z","level":"info","event":"Careerjet : 0 jobs","logger":"task.stdout"}
{"timestamp":"2025-11-27T14:52:13.683622Z","level":"info","event":"Done. Returned value was: {'jobs': []}","logger":"airflow.task.operators.airflow.providers.standard.operators.python.PythonOperator","filename":"python.py","lineno":215}
{"timestamp":"2025-11-27T14:52:13.684050Z","level":"info","event":"Pushing xcom","ti":"RuntimeTaskInstance(id=UUID('019ac5cc-9b33-77a5-9420-173b5f707ec5'), task_id='webscrapping.py', dag_id='Job_Scrapping', run_id='manual__2025-11-27T14:51:51.941945+00:00', try_number=1, dag_version_id=UUID('019ac5cc-66f3-7c3b-93bb-123b4cdca41f'), map_index=-1, hostname='9afc42eaec1c', context_carrier={}, task=<Task(PythonOperator): webscrapping.py>, bundle_instance=LocalDagBundle(name=dags-folder), max_tries=1, start_date=datetime.datetime(2025, 11, 27, 14, 51, 53, 640, tzinfo=datetime.timezone.utc), end_date=None, state=<TaskInstanceState.RUNNING: 'running'>, is_mapped=False, rendered_map_index=None)","logger":"task","filename":"task_runner.py","lineno":1360}
