{"timestamp":"2025-11-20T18:24:35.315071Z","level":"info","event":"DAG bundles loaded: dags-folder","logger":"airflow.dag_processing.bundles.manager.DagBundlesManager","filename":"manager.py","lineno":179}
{"timestamp":"2025-11-20T18:24:35.316398Z","level":"info","event":"Filling up the DagBag from /opt/airflow/dags/job_scrapping_DAG.py","logger":"airflow.models.dagbag.DagBag","filename":"dagbag.py","lineno":593}
{"timestamp":"2025-11-20T18:24:35.957580Z","level":"warning","event":"The `airflow.operators.python.PythonOperator` attribute is deprecated. Please use `'airflow.providers.standard.operators.python.PythonOperator'`.","category":"DeprecatedImportWarning","filename":"/opt/airflow/dags/job_scrapping_DAG.py","lineno":2,"logger":"py.warnings"}
{"timestamp":"2025-11-20T18:24:35.957752Z","level":"warning","event":"The `airflow.operators.email.EmailOperator` attribute is deprecated. Please use `'airflow.providers.smtp.operators.smtp.EmailOperator'`.","category":"DeprecatedImportWarning","filename":"/opt/airflow/dags/job_scrapping_DAG.py","lineno":3,"logger":"py.warnings"}
{"timestamp":"2025-11-20T18:24:35.957830Z","level":"warning","event":"The `airflow.utils.trigger_rule.TriggerRule` attribute is deprecated. Please use `'airflow.task.trigger_rule.TriggerRule'`.","category":"DeprecatedImportWarning","filename":"/opt/airflow/dags/job_scrapping_DAG.py","lineno":4,"logger":"py.warnings"}
{"timestamp":"2025-11-20T18:24:36.958636Z","level":"info","event":"stud.serv.: 4 jobs","logger":"task.stdout"}
{"timestamp":"2025-11-20T18:24:38.117119Z","level":"info","event":"Programira pushed to DB","logger":"task.stdout"}
{"timestamp":"2025-11-20T18:24:38.619945Z","level":"info","event":"Informatik pushed to DB","logger":"task.stdout"}
{"timestamp":"2025-11-20T18:24:39.199360Z","level":"info","event":"Informatik pushed to DB","logger":"task.stdout"}
{"timestamp":"2025-11-20T18:24:39.428966Z","level":"info","event":"Programira pushed to DB","logger":"task.stdout"}
{"timestamp":"2025-11-20T18:24:39.889649Z","level":"info","event":"zrszz     : 0 jobs","logger":"task.stdout"}
{"timestamp":"2025-11-20T18:24:43.057348Z","level":"info","event":"Solvera Ly pushed to DB","logger":"task.stdout"}
{"timestamp":"2025-11-20T18:24:45.764814Z","level":"info","event":"Špica Inte pushed to DB","logger":"task.stdout"}
{"timestamp":"2025-11-20T18:24:47.213608Z","level":"info","event":"Telemach S pushed to DB","logger":"task.stdout"}
{"timestamp":"2025-11-20T18:24:48.587845Z","level":"info","event":"BTC d.d. pushed to DB","logger":"task.stdout"}
{"timestamp":"2025-11-20T18:24:49.666169Z","level":"info","event":"Kariera d. pushed to DB","logger":"task.stdout"}
{"timestamp":"2025-11-20T18:24:51.436291Z","level":"info","event":"mojedelo  : 8 jobs","logger":"task.stdout"}
{"timestamp":"2025-11-20T18:24:52.463089Z","level":"info","event":"Firmware D pushed to DB","logger":"task.stdout"}
{"timestamp":"2025-11-20T18:24:53.091197Z","level":"info","event":"Avtomatik  pushed to DB","logger":"task.stdout"}
{"timestamp":"2025-11-20T18:24:53.604836Z","level":"info","event":"Avtomatik  pushed to DB","logger":"task.stdout"}
{"timestamp":"2025-11-20T18:24:54.055597Z","level":"info","event":"Asistent v pushed to DB","logger":"task.stdout"}
{"timestamp":"2025-11-20T18:24:54.465068Z","level":"info","event":"Java progr pushed to DB","logger":"task.stdout"}
{"timestamp":"2025-11-20T18:24:55.007386Z","level":"info","event":"Strokovnja pushed to DB","logger":"task.stdout"}
{"timestamp":"2025-11-20T18:24:55.439208Z","level":"info","event":"C++ in Pyt pushed to DB","logger":"task.stdout"}
{"timestamp":"2025-11-20T18:24:55.768795Z","level":"info","event":"Senior MS  pushed to DB","logger":"task.stdout"}
{"timestamp":"2025-11-20T18:24:55.773306Z","level":"info","event":"====== WebDriver manager ======","logger":"WDM","filename":"logger.py","lineno":11}
{"timestamp":"2025-11-20T18:24:56.183679Z","level":"info","event":"Get LATEST chromedriver version for chromium","logger":"WDM","filename":"logger.py","lineno":11}
{"timestamp":"2025-11-20T18:24:56.479195Z","level":"info","event":"Get LATEST chromedriver version for chromium","logger":"WDM","filename":"logger.py","lineno":11}
{"timestamp":"2025-11-20T18:24:56.590874Z","level":"info","event":"There is no [linux64] chromedriver \"142.0.7444.175\" for browser chromium \"142.0.7444\" in cache","logger":"WDM","filename":"logger.py","lineno":11}
{"timestamp":"2025-11-20T18:24:56.591086Z","level":"info","event":"Get LATEST chromedriver version for chromium","logger":"WDM","filename":"logger.py","lineno":11}
{"timestamp":"2025-11-20T18:24:57.202010Z","level":"info","event":"WebDriver version 142.0.7444.175 selected","logger":"WDM","filename":"logger.py","lineno":11}
{"timestamp":"2025-11-20T18:24:57.209826Z","level":"info","event":"Modern chrome version https://storage.googleapis.com/chrome-for-testing-public/142.0.7444.175/linux64/chromedriver-linux64.zip","logger":"WDM","filename":"logger.py","lineno":11}
{"timestamp":"2025-11-20T18:24:57.210017Z","level":"info","event":"About to download new driver from https://storage.googleapis.com/chrome-for-testing-public/142.0.7444.175/linux64/chromedriver-linux64.zip","logger":"WDM","filename":"logger.py","lineno":11}
{"timestamp":"2025-11-20T18:24:57.573423Z","level":"info","event":"Driver downloading response is 200","logger":"WDM","filename":"logger.py","lineno":11}
{"timestamp":"2025-11-20T18:25:09.254217Z","level":"info","event":"Get LATEST chromedriver version for chromium","logger":"WDM","filename":"logger.py","lineno":11}
{"timestamp":"2025-11-20T18:25:09.681247Z","level":"info","event":"Driver has been saved in cache [/home/airflow/.wdm/drivers/chromedriver/linux64/142.0.7444.175]","logger":"WDM","filename":"logger.py","lineno":11}
{"timestamp":"2025-11-20T18:25:16.048148Z","level":"info","event":"Careerjet : 2 jobs","logger":"task.stdout"}
{"timestamp":"2025-11-20T18:25:16.048312Z","level":"info","event":"====== WebDriver manager ======","logger":"WDM","filename":"logger.py","lineno":11}
{"timestamp":"2025-11-20T18:25:16.257015Z","level":"info","event":"Get LATEST chromedriver version for chromium","logger":"WDM","filename":"logger.py","lineno":11}
{"timestamp":"2025-11-20T18:25:16.748095Z","level":"info","event":"Get LATEST chromedriver version for chromium","logger":"WDM","filename":"logger.py","lineno":11}
{"timestamp":"2025-11-20T18:25:16.899868Z","level":"info","event":"Driver [/home/airflow/.wdm/drivers/chromedriver/linux64/142.0.7444.175/chromedriver-linux64/chromedriver] found in cache","logger":"WDM","filename":"logger.py","lineno":11}
{"timestamp":"2025-11-20T18:25:21.870252Z","level":"info","event":"Vodja infr pushed to DB","logger":"task.stdout"}
{"timestamp":"2025-11-20T18:25:21.870649Z","level":"info","event":"====== WebDriver manager ======","logger":"WDM","filename":"logger.py","lineno":11}
{"timestamp":"2025-11-20T18:25:22.093707Z","level":"info","event":"Get LATEST chromedriver version for chromium","logger":"WDM","filename":"logger.py","lineno":11}
{"timestamp":"2025-11-20T18:25:22.476197Z","level":"info","event":"Get LATEST chromedriver version for chromium","logger":"WDM","filename":"logger.py","lineno":11}
{"timestamp":"2025-11-20T18:25:23.010920Z","level":"info","event":"Driver [/home/airflow/.wdm/drivers/chromedriver/linux64/142.0.7444.175/chromedriver-linux64/chromedriver] found in cache","logger":"WDM","filename":"logger.py","lineno":11}
{"timestamp":"2025-11-20T18:25:27.401166Z","level":"info","event":"Senior pro pushed to DB","logger":"task.stdout"}
{"timestamp":"2025-11-20T18:25:27.766326Z","level":"info","event":"Done. Returned value was: {'jobs': []}","logger":"airflow.task.operators.airflow.providers.standard.operators.python.PythonOperator","filename":"python.py","lineno":215}
{"timestamp":"2025-11-20T18:25:27.766685Z","level":"info","event":"Pushing xcom","ti":"RuntimeTaskInstance(id=UUID('019aa282-ca32-7bad-8a3a-9bb6a7573225'), task_id='webscrapping.py', dag_id='Job_Scrapping', run_id='manual__2025-11-20T18:24:31.760107+00:00', try_number=1, dag_version_id=UUID('019a9cff-07d1-7b38-902c-db4bf0b88b44'), map_index=-1, hostname='377e587231d6', context_carrier={}, task=<Task(PythonOperator): webscrapping.py>, bundle_instance=LocalDagBundle(name=dags-folder), max_tries=1, start_date=datetime.datetime(2025, 11, 20, 18, 24, 32, 688213, tzinfo=datetime.timezone.utc), end_date=None, state=<TaskInstanceState.RUNNING: 'running'>, is_mapped=False, rendered_map_index=None)","logger":"task","filename":"task_runner.py","lineno":1360}
