{"timestamp":"2025-11-21T16:44:56.836164Z","level":"info","event":"DAG bundles loaded: dags-folder","logger":"airflow.dag_processing.bundles.manager.DagBundlesManager","filename":"manager.py","lineno":179}
{"timestamp":"2025-11-21T16:44:56.837519Z","level":"info","event":"Filling up the DagBag from /opt/airflow/dags/job_scrapping_DAG.py","logger":"airflow.models.dagbag.DagBag","filename":"dagbag.py","lineno":593}
{"timestamp":"2025-11-21T16:44:57.412457Z","level":"warning","event":"The `airflow.operators.python.PythonOperator` attribute is deprecated. Please use `'airflow.providers.standard.operators.python.PythonOperator'`.","category":"DeprecatedImportWarning","filename":"/opt/airflow/dags/job_scrapping_DAG.py","lineno":2,"logger":"py.warnings"}
{"timestamp":"2025-11-21T16:44:57.412601Z","level":"warning","event":"The `airflow.operators.email.EmailOperator` attribute is deprecated. Please use `'airflow.providers.smtp.operators.smtp.EmailOperator'`.","category":"DeprecatedImportWarning","filename":"/opt/airflow/dags/job_scrapping_DAG.py","lineno":3,"logger":"py.warnings"}
{"timestamp":"2025-11-21T16:44:57.412676Z","level":"warning","event":"The `airflow.utils.trigger_rule.TriggerRule` attribute is deprecated. Please use `'airflow.task.trigger_rule.TriggerRule'`.","category":"DeprecatedImportWarning","filename":"/opt/airflow/dags/job_scrapping_DAG.py","lineno":4,"logger":"py.warnings"}
{"timestamp":"2025-11-21T16:44:58.158089Z","level":"info","event":"stud.serv.: 0 jobs","logger":"task.stdout"}
{"timestamp":"2025-11-21T16:44:58.275587Z","level":"info","event":"zrszz     : 0 jobs","logger":"task.stdout"}
{"timestamp":"2025-11-21T16:45:01.714874Z","level":"info","event":"Špica Inte pushed to DB","logger":"task.stdout"}
{"timestamp":"2025-11-21T16:45:02.876570Z","level":"info","event":"Telemach S pushed to DB","logger":"task.stdout"}
{"timestamp":"2025-11-21T16:45:03.337459Z","level":"info","event":"mojedelo  : 2 jobs","logger":"task.stdout"}
{"timestamp":"2025-11-21T16:45:03.684893Z","level":"info","event":"Vodja sekt pushed to DB","logger":"task.stdout"}
{"timestamp":"2025-11-21T16:45:03.997855Z","level":"info","event":"Samostojni pushed to DB","logger":"task.stdout"}
{"timestamp":"2025-11-21T16:45:04.000879Z","level":"info","event":"====== WebDriver manager ======","logger":"WDM","filename":"logger.py","lineno":11}
{"timestamp":"2025-11-21T16:45:04.455859Z","level":"info","event":"Get LATEST chromedriver version for chromium","logger":"WDM","filename":"logger.py","lineno":11}
{"timestamp":"2025-11-21T16:45:04.651763Z","level":"info","event":"Get LATEST chromedriver version for chromium","logger":"WDM","filename":"logger.py","lineno":11}
{"timestamp":"2025-11-21T16:45:04.816504Z","level":"info","event":"There is no [linux64] chromedriver \"142.0.7444.175\" for browser chromium \"142.0.7444\" in cache","logger":"WDM","filename":"logger.py","lineno":11}
{"timestamp":"2025-11-21T16:45:04.816866Z","level":"info","event":"Get LATEST chromedriver version for chromium","logger":"WDM","filename":"logger.py","lineno":11}
{"timestamp":"2025-11-21T16:45:05.181670Z","level":"info","event":"WebDriver version 142.0.7444.175 selected","logger":"WDM","filename":"logger.py","lineno":11}
{"timestamp":"2025-11-21T16:45:05.189897Z","level":"info","event":"Modern chrome version https://storage.googleapis.com/chrome-for-testing-public/142.0.7444.175/linux64/chromedriver-linux64.zip","logger":"WDM","filename":"logger.py","lineno":11}
{"timestamp":"2025-11-21T16:45:05.190106Z","level":"info","event":"About to download new driver from https://storage.googleapis.com/chrome-for-testing-public/142.0.7444.175/linux64/chromedriver-linux64.zip","logger":"WDM","filename":"logger.py","lineno":11}
{"timestamp":"2025-11-21T16:45:05.367264Z","level":"info","event":"Driver downloading response is 200","logger":"WDM","filename":"logger.py","lineno":11}
{"timestamp":"2025-11-21T16:45:10.625942Z","level":"info","event":"Get LATEST chromedriver version for chromium","logger":"WDM","filename":"logger.py","lineno":11}
{"timestamp":"2025-11-21T16:45:10.906706Z","level":"info","event":"Driver has been saved in cache [/home/airflow/.wdm/drivers/chromedriver/linux64/142.0.7444.175]","logger":"WDM","filename":"logger.py","lineno":11}
{"timestamp":"2025-11-21T16:45:13.028012Z","level":"info","event":"Careerjet : 0 jobs","logger":"task.stdout"}
{"timestamp":"2025-11-21T16:45:13.180895Z","level":"info","event":"Done. Returned value was: {'jobs': []}","logger":"airflow.task.operators.airflow.providers.standard.operators.python.PythonOperator","filename":"python.py","lineno":215}
{"timestamp":"2025-11-21T16:45:13.181197Z","level":"info","event":"Pushing xcom","ti":"RuntimeTaskInstance(id=UUID('019aa74d-edbf-784e-9709-4153d84c5f27'), task_id='webscrapping.py', dag_id='Job_Scrapping', run_id='manual__2025-11-21T16:44:53.544049+00:00', try_number=1, dag_version_id=UUID('019aa74d-a4ba-7212-94c5-d07867be6178'), map_index=-1, hostname='563508949efc', context_carrier={}, task=<Task(PythonOperator): webscrapping.py>, bundle_instance=LocalDagBundle(name=dags-folder), max_tries=1, start_date=datetime.datetime(2025, 11, 21, 16, 44, 54, 473068, tzinfo=datetime.timezone.utc), end_date=None, state=<TaskInstanceState.RUNNING: 'running'>, is_mapped=False, rendered_map_index=None)","logger":"task","filename":"task_runner.py","lineno":1360}
